// Jest Snapshot v1, https://goo.gl/fbAQLP

exports[`should render AddWt3dPage correctly 1`] = `
<div>
  <div
    className="page-header"
  >
    <div
      className="content-container"
    >
      <h1
        className="page-header__title"
      >
        Add Wt3d
      </h1>
    </div>
  </div>
  <div
    className="content-container"
  >
    <Wt3dForm
      onSubmit={[Function]}
    />
  </div>
</div>
`;
